[02:34:54] [ServerMain/INFO]: Environment: Environment[sessionHost=https://sessionserver.mojang.com, servicesHost=https://api.minecraftservices.com, profilesHost=https://api.mojang.com, name=PROD]
[02:34:59] [ServerMain/INFO]: Loaded 1470 recipes
[02:34:59] [ServerMain/INFO]: Loaded 1584 advancements
[02:34:59] [Server thread/INFO]: Starting minecraft server version 1.21.11
[02:34:59] [Server thread/INFO]: Loading properties
[02:34:59] [Server thread/INFO]: Default game type: SURVIVAL
[02:34:59] [Server thread/INFO]: Generating keypair
[02:34:59] [Server thread/INFO]: Starting Minecraft server on *:25565
[02:34:59] [Server thread/WARN]: **** SERVER IS RUNNING IN OFFLINE/INSECURE MODE!
[02:34:59] [Server thread/WARN]: The server will make no attempt to authenticate usernames. Beware.
[02:34:59] [Server thread/WARN]: While this makes the game possible to play without internet access, it also opens up the ability for hackers to connect with any username they choose.
[02:34:59] [Server thread/WARN]: To change this, set "online-mode" to "true" in the server.properties file.
[02:34:59] [Server thread/INFO]: Preparing level "world"
[02:35:00] [Server thread/INFO]: Loading 0 persistent chunks...
[02:35:00] [Server thread/INFO]: Preparing spawn area: 100%
[02:35:00] [Server thread/INFO]: Time elapsed: 20 ms
[02:35:00] [Server thread/INFO]: Done (0.863s)! For help, type "help"
[02:35:10] [Server thread/INFO]: thelikeboss2100[/127.65.243.220:56205] logged in with entity id 76 at (-65.77160681517934, 71.0, 380.93880156724606)
[02:35:10] [Server thread/INFO]: thelikeboss2100 joined the game
[02:56:21] [Server thread/INFO]: [Not Secure] <thelikeboss2100> -105 109 479
[03:01:18] [Server thread/WARN]: Mismatch in destroy block pos: is{x=163, y=99, z=629} is{x=164, y=99, z=629}
[03:15:01] [Server thread/INFO]: thelikeboss2100 fell from a high place
[03:15:28] [Server thread/INFO]: thelikeboss2100 lost connection: Timed out
[03:15:28] [Server thread/INFO]: thelikeboss2100 left the game
[03:16:06] [Server thread/INFO]: thelikeboss2100[/127.239.78.124:46807] logged in with entity id 11259 at (-106.5, 109.875, 479.5)
[03:16:06] [Server thread/INFO]: thelikeboss2100 joined the game
[03:24:22] [Server thread/INFO]: thelikeboss2100 lost connection: Timed out
[03:24:22] [Server thread/INFO]: thelikeboss2100 left the game
[03:25:08] [Server thread/INFO]: thelikeboss2100[/127.65.243.220:33887] logged in with entity id 13636 at (148.24790222084025, 99.0, 745.1356550864642)
[03:25:08] [Server thread/INFO]: thelikeboss2100 joined the game
[03:42:34] [Server thread/INFO]: [Not Secure] <thelikeboss2100> zzzzzzzzzzzz
